// Jest Snapshot v1, https://goo.gl/fbAQLP

exports[`renders correctly 1`] = `
<span
  className="MuiSwitch-root MuiSwitch-sizeMedium css-cm0tsg-MuiSwitch-root"
>
  <span
    className="MuiSwitch-switchBase MuiSwitch-colorPrimary Mui-checked MuiButtonBase-root MuiSwitch-switchBase MuiSwitch-colorPrimary Mui-checked PrivateSwitchBase-root Mui-checked css-5ryogn-MuiButtonBase-root-MuiSwitch-switchBase"
    onBlur={[Function]}
    onContextMenu={[Function]}
    onDragLeave={[Function]}
    onFocus={[Function]}
    onKeyDown={[Function]}
    onKeyUp={[Function]}
    onMouseDown={[Function]}
    onMouseLeave={[Function]}
    onMouseUp={[Function]}
    onTouchEnd={[Function]}
    onTouchMove={[Function]}
    onTouchStart={[Function]}
    tabIndex={null}
  >
    <input
      checked={true}
      className="MuiSwitch-input PrivateSwitchBase-input css-1m9pwf3"
      onChange={[Function]}
      type="checkbox"
    />
    <span
      className="MuiSwitch-thumb css-jsexje-MuiSwitch-thumb"
    />
  </span>
  <span
    className="MuiSwitch-track css-1yjjitx-MuiSwitch-track"
  />
</span>
`;
